<?xml version="1.0"?>
<link_info>
   <banner>TI ARM Linker PC v5.2.2</banner>
   <copyright>Copyright (c) 1996-2015 Texas Instruments Incorporated</copyright>
   <link_time>0x56fab337</link_time>
   <link_errors>0x0</link_errors>
   <output_file>FreeRTOS823_3_TM4C1294_Base_Test.out</output_file>
   <entry_point>
      <name>_c_int00</name>
      <address>0x3ae9</address>
   </entry_point>
   <input_file_list>
      <input_file id="fl-2">
         <path>.\</path>
         <kind>object</kind>
         <file>Main_Base_Test.obj</file>
         <name>Main_Base_Test.obj</name>
      </input_file>
      <input_file id="fl-3">
         <path>.\</path>
         <kind>object</kind>
         <file>TM4C_FreeRTOS_Base_Startup.obj</file>
         <name>TM4C_FreeRTOS_Base_Startup.obj</name>
      </input_file>
      <input_file id="fl-4">
         <path>.\</path>
         <kind>object</kind>
         <file>heap_2.obj</file>
         <name>heap_2.obj</name>
      </input_file>
      <input_file id="fl-5">
         <path>.\Tasks\</path>
         <kind>object</kind>
         <file>Task_Blinky.obj</file>
         <name>Task_Blinky.obj</name>
      </input_file>
      <input_file id="fl-6">
         <path>.\Tasks\</path>
         <kind>object</kind>
         <file>Task_HeaterOn.obj</file>
         <name>Task_HeaterOn.obj</name>
      </input_file>
      <input_file id="fl-7">
         <path>.\Tasks\</path>
         <kind>object</kind>
         <file>Task_ReportData.obj</file>
         <name>Task_ReportData.obj</name>
      </input_file>
      <input_file id="fl-8">
         <path>.\Tasks\</path>
         <kind>object</kind>
         <file>Task_ReportTime.obj</file>
         <name>Task_ReportTime.obj</name>
      </input_file>
      <input_file id="fl-9">
         <path>.\Tasks\</path>
         <kind>object</kind>
         <file>Task_Simple_ADC.obj</file>
         <name>Task_Simple_ADC.obj</name>
      </input_file>
      <input_file id="fl-a">
         <path>.\Source\</path>
         <kind>object</kind>
         <file>croutine.obj</file>
         <name>croutine.obj</name>
      </input_file>
      <input_file id="fl-b">
         <path>.\Source\</path>
         <kind>object</kind>
         <file>event_groups.obj</file>
         <name>event_groups.obj</name>
      </input_file>
      <input_file id="fl-c">
         <path>.\Source\</path>
         <kind>object</kind>
         <file>list.obj</file>
         <name>list.obj</name>
      </input_file>
      <input_file id="fl-d">
         <path>.\Source\</path>
         <kind>object</kind>
         <file>queue.obj</file>
         <name>queue.obj</name>
      </input_file>
      <input_file id="fl-e">
         <path>.\Source\</path>
         <kind>object</kind>
         <file>tasks.obj</file>
         <name>tasks.obj</name>
      </input_file>
      <input_file id="fl-f">
         <path>.\Source\</path>
         <kind>object</kind>
         <file>timers.obj</file>
         <name>timers.obj</name>
      </input_file>
      <input_file id="fl-10">
         <path>.\Source\portable\CCS\ARM_CM4F\</path>
         <kind>object</kind>
         <file>port.obj</file>
         <name>port.obj</name>
      </input_file>
      <input_file id="fl-11">
         <path>.\Source\portable\CCS\ARM_CM4F\</path>
         <kind>object</kind>
         <file>portasm.obj</file>
         <name>portasm.obj</name>
      </input_file>
      <input_file id="fl-12">
         <path>.\Drivers\</path>
         <kind>object</kind>
         <file>Processor_Initialization_TM4C1294.obj</file>
         <name>Processor_Initialization_TM4C1294.obj</name>
      </input_file>
      <input_file id="fl-13">
         <path>.\Drivers\</path>
         <kind>object</kind>
         <file>uartstdio.obj</file>
         <name>uartstdio.obj</name>
      </input_file>
      <input_file id="fl-13a">
         <path>C:\TI_CodeComposer\ccsv6\tools\compiler\ti-cgt-arm_5.2.2\lib\</path>
         <kind>archive</kind>
         <file>rtsv7M4_T_le_v4SPD16_eabi.lib</file>
         <name>boot.obj</name>
      </input_file>
      <input_file id="fl-13b">
         <path>C:\TI_CodeComposer\ccsv6\tools\compiler\ti-cgt-arm_5.2.2\lib\</path>
         <kind>archive</kind>
         <file>rtsv7M4_T_le_v4SPD16_eabi.lib</file>
         <name>copy_decompress_none.obj</name>
      </input_file>
      <input_file id="fl-13c">
         <path>C:\TI_CodeComposer\ccsv6\tools\compiler\ti-cgt-arm_5.2.2\lib\</path>
         <kind>archive</kind>
         <file>rtsv7M4_T_le_v4SPD16_eabi.lib</file>
         <name>copy_decompress_rle.obj</name>
      </input_file>
      <input_file id="fl-13d">
         <path>C:\TI_CodeComposer\ccsv6\tools\compiler\ti-cgt-arm_5.2.2\lib\</path>
         <kind>archive</kind>
         <file>rtsv7M4_T_le_v4SPD16_eabi.lib</file>
         <name>copy_zero_init.obj</name>
      </input_file>
      <input_file id="fl-13e">
         <path>C:\TI_CodeComposer\ccsv6\tools\compiler\ti-cgt-arm_5.2.2\lib\</path>
         <kind>archive</kind>
         <file>rtsv7M4_T_le_v4SPD16_eabi.lib</file>
         <name>exit.obj</name>
      </input_file>
      <input_file id="fl-13f">
         <path>C:\TI_CodeComposer\ccsv6\tools\compiler\ti-cgt-arm_5.2.2\lib\</path>
         <kind>archive</kind>
         <file>rtsv7M4_T_le_v4SPD16_eabi.lib</file>
         <name>memcpy_t2.obj</name>
      </input_file>
      <input_file id="fl-140">
         <path>C:\TI_CodeComposer\ccsv6\tools\compiler\ti-cgt-arm_5.2.2\lib\</path>
         <kind>archive</kind>
         <file>rtsv7M4_T_le_v4SPD16_eabi.lib</file>
         <name>memset_t2.obj</name>
      </input_file>
      <input_file id="fl-141">
         <path>C:\TI_CodeComposer\ccsv6\tools\compiler\ti-cgt-arm_5.2.2\lib\</path>
         <kind>archive</kind>
         <file>rtsv7M4_T_le_v4SPD16_eabi.lib</file>
         <name>pre_init.obj</name>
      </input_file>
      <input_file id="fl-142">
         <path>C:\TI_CodeComposer\ccsv6\tools\compiler\ti-cgt-arm_5.2.2\lib\</path>
         <kind>archive</kind>
         <file>rtsv7M4_T_le_v4SPD16_eabi.lib</file>
         <name>stkdepth_vars.obj</name>
      </input_file>
      <input_file id="fl-143">
         <path>C:\TI_CodeComposer\ccsv6\tools\compiler\ti-cgt-arm_5.2.2\lib\</path>
         <kind>archive</kind>
         <file>rtsv7M4_T_le_v4SPD16_eabi.lib</file>
         <name>u_divt2.obj</name>
      </input_file>
      <input_file id="fl-144">
         <path>C:\TI_CodeComposer\ccsv6\tools\compiler\ti-cgt-arm_5.2.2\lib\</path>
         <kind>archive</kind>
         <file>rtsv7M4_T_le_v4SPD16_eabi.lib</file>
         <name>_lock.obj</name>
      </input_file>
      <input_file id="fl-145">
         <path>C:\TI_CodeComposer\ccsv6\tools\compiler\ti-cgt-arm_5.2.2\lib\</path>
         <kind>archive</kind>
         <file>rtsv7M4_T_le_v4SPD16_eabi.lib</file>
         <name>args_main.obj</name>
      </input_file>
      <input_file id="fl-146">
         <path>C:\TI_CodeComposer\ccsv6\tools\compiler\ti-cgt-arm_5.2.2\lib\</path>
         <kind>archive</kind>
         <file>rtsv7M4_T_le_v4SPD16_eabi.lib</file>
         <name>autoinit.obj</name>
      </input_file>
      <input_file id="fl-147">
         <path>C:\TI_CodeComposer\ccsv6\tools\compiler\ti-cgt-arm_5.2.2\lib\</path>
         <kind>archive</kind>
         <file>rtsv7M4_T_le_v4SPD16_eabi.lib</file>
         <name>cpy_tbl.obj</name>
      </input_file>
      <input_file id="fl-148">
         <path>C:\TI_CodeComposer\TivaWare\driverlib\ccs\Debug\</path>
         <kind>archive</kind>
         <file>driverlib.lib</file>
         <name>uart.obj</name>
      </input_file>
      <input_file id="fl-149">
         <path>C:\TI_CodeComposer\TivaWare\driverlib\ccs\Debug\</path>
         <kind>archive</kind>
         <file>driverlib.lib</file>
         <name>sysctl.obj</name>
      </input_file>
      <input_file id="fl-14a">
         <path>C:\TI_CodeComposer\TivaWare\driverlib\ccs\Debug\</path>
         <kind>archive</kind>
         <file>driverlib.lib</file>
         <name>interrupt.obj</name>
      </input_file>
      <input_file id="fl-14b">
         <path>C:\TI_CodeComposer\TivaWare\driverlib\ccs\Debug\</path>
         <kind>archive</kind>
         <file>driverlib.lib</file>
         <name>gpio.obj</name>
      </input_file>
      <input_file id="fl-14c">
         <path>C:\TI_CodeComposer\TivaWare\driverlib\ccs\Debug\</path>
         <kind>archive</kind>
         <file>driverlib.lib</file>
         <name>cpu.obj</name>
      </input_file>
      <input_file id="fl-14d">
         <path>C:\TI_CodeComposer\TivaWare\driverlib\ccs\Debug\</path>
         <kind>archive</kind>
         <file>driverlib.lib</file>
         <name>adc.obj</name>
      </input_file>
   </input_file_list>
   <object_component_list>
      <object_component id="oc-f">
         <name>.intvecs</name>
         <load_address>0x0</load_address>
         <run_address>0x0</run_address>
         <size>0x200</size>
         <input_file_ref idref="fl-3"/>
      </object_component>
      <object_component id="oc-8b">
         <name>.text</name>
         <load_address>0x200</load_address>
         <run_address>0x200</run_address>
         <size>0x17d0</size>
         <input_file_ref idref="fl-e"/>
      </object_component>
      <object_component id="oc-16c">
         <name>.text</name>
         <load_address>0x19d0</load_address>
         <run_address>0x19d0</run_address>
         <size>0xa08</size>
         <input_file_ref idref="fl-d"/>
      </object_component>
      <object_component id="oc-e7">
         <name>.text</name>
         <load_address>0x23d8</load_address>
         <run_address>0x23d8</run_address>
         <size>0x538</size>
         <input_file_ref idref="fl-f"/>
      </object_component>
      <object_component id="oc-128">
         <name>.text</name>
         <load_address>0x2910</load_address>
         <run_address>0x2910</run_address>
         <size>0x49c</size>
         <input_file_ref idref="fl-13"/>
      </object_component>
      <object_component id="oc-198">
         <name>.text:SysCtlClockFreqSet</name>
         <load_address>0x2dac</load_address>
         <run_address>0x2dac</run_address>
         <size>0x1fc</size>
         <input_file_ref idref="fl-149"/>
      </object_component>
      <object_component id="oc-f1">
         <name>.text</name>
         <load_address>0x2fa8</load_address>
         <run_address>0x2fa8</run_address>
         <size>0x1b8</size>
         <input_file_ref idref="fl-4"/>
      </object_component>
      <object_component id="oc-38">
         <name>.text</name>
         <load_address>0x3160</load_address>
         <run_address>0x3160</run_address>
         <size>0x134</size>
         <input_file_ref idref="fl-10"/>
      </object_component>
      <object_component id="oc-1f5">
         <name>.text:GPIOPadConfigSet</name>
         <load_address>0x3294</load_address>
         <run_address>0x3294</run_address>
         <size>0x130</size>
         <input_file_ref idref="fl-14b"/>
      </object_component>
      <object_component id="oc-dd">
         <name>.text</name>
         <load_address>0x33c4</load_address>
         <run_address>0x33c4</run_address>
         <size>0x12a</size>
         <input_file_ref idref="fl-c"/>
      </object_component>
      <object_component id="oc-c4">
         <name>.text</name>
         <load_address>0x34f0</load_address>
         <run_address>0x34f0</run_address>
         <size>0xe4</size>
         <input_file_ref idref="fl-2"/>
      </object_component>
      <object_component id="oc-33">
         <name>.text</name>
         <load_address>0x35d4</load_address>
         <run_address>0x35d4</run_address>
         <size>0xd2</size>
         <input_file_ref idref="fl-11"/>
      </object_component>
      <object_component id="oc-122">
         <name>.text</name>
         <load_address>0x36a8</load_address>
         <run_address>0x36a8</run_address>
         <size>0xbc</size>
         <input_file_ref idref="fl-12"/>
      </object_component>
      <object_component id="oc-41">
         <name>.text</name>
         <load_address>0x3764</load_address>
         <run_address>0x3764</run_address>
         <size>0x9c</size>
         <input_file_ref idref="fl-13f"/>
      </object_component>
      <object_component id="oc-13a">
         <name>.text</name>
         <load_address>0x3800</load_address>
         <run_address>0x3800</run_address>
         <size>0x90</size>
         <input_file_ref idref="fl-9"/>
      </object_component>
      <object_component id="oc-140">
         <name>.text</name>
         <load_address>0x3890</load_address>
         <run_address>0x3890</run_address>
         <size>0x84</size>
         <input_file_ref idref="fl-6"/>
      </object_component>
      <object_component id="oc-211">
         <name>.text:ADCSequenceStepConfigure</name>
         <load_address>0x3914</load_address>
         <run_address>0x3914</run_address>
         <size>0x80</size>
         <input_file_ref idref="fl-14d"/>
      </object_component>
      <object_component id="oc-5a">
         <name>.text</name>
         <load_address>0x3994</load_address>
         <run_address>0x3994</run_address>
         <size>0x7a</size>
         <input_file_ref idref="fl-140"/>
      </object_component>
      <object_component id="oc-6c">
         <name>.text</name>
         <load_address>0x3a10</load_address>
         <run_address>0x3a10</run_address>
         <size>0x6c</size>
         <input_file_ref idref="fl-146"/>
      </object_component>
      <object_component id="oc-4d">
         <name>.text</name>
         <load_address>0x3a7c</load_address>
         <run_address>0x3a7c</run_address>
         <size>0x6a</size>
         <input_file_ref idref="fl-13c"/>
      </object_component>
      <object_component id="oc-24">
         <name>.text</name>
         <load_address>0x3ae8</load_address>
         <run_address>0x3ae8</run_address>
         <size>0x50</size>
         <input_file_ref idref="fl-13a"/>
      </object_component>
      <object_component id="oc-12e">
         <name>.text</name>
         <load_address>0x3b38</load_address>
         <run_address>0x3b38</run_address>
         <size>0x4c</size>
         <input_file_ref idref="fl-5"/>
      </object_component>
      <object_component id="oc-bc">
         <name>.text</name>
         <load_address>0x3b84</load_address>
         <run_address>0x3b84</run_address>
         <size>0x4c</size>
         <input_file_ref idref="fl-147"/>
      </object_component>
      <object_component id="oc-1a4">
         <name>.text:GPIOPinConfigure</name>
         <load_address>0x3bd0</load_address>
         <run_address>0x3bd0</run_address>
         <size>0x48</size>
         <input_file_ref idref="fl-14b"/>
      </object_component>
      <object_component id="oc-268">
         <name>.text:_SysCtlFrequencyGet</name>
         <load_address>0x3c18</load_address>
         <run_address>0x3c18</run_address>
         <size>0x48</size>
         <input_file_ref idref="fl-149"/>
      </object_component>
      <object_component id="oc-78">
         <name>.text</name>
         <load_address>0x3c60</load_address>
         <run_address>0x3c60</run_address>
         <size>0x44</size>
         <input_file_ref idref="fl-13e"/>
      </object_component>
      <object_component id="oc-1de">
         <name>.text</name>
         <load_address>0x3ca4</load_address>
         <run_address>0x3ca4</run_address>
         <size>0x42</size>
         <input_file_ref idref="fl-143"/>
      </object_component>
      <object_component id="oc-1b6">
         <name>.text:UARTConfigSetExpClk</name>
         <load_address>0x3ce6</load_address>
         <run_address>0x3ce6</run_address>
         <size>0x40</size>
         <input_file_ref idref="fl-148"/>
      </object_component>
      <object_component id="oc-20b">
         <name>.text:ADCSequenceConfigure</name>
         <load_address>0x3d26</load_address>
         <run_address>0x3d26</run_address>
         <size>0x3e</size>
         <input_file_ref idref="fl-14d"/>
      </object_component>
      <object_component id="oc-19e">
         <name>.text:SysCtlPeripheralEnable</name>
         <load_address>0x3d64</load_address>
         <run_address>0x3d64</run_address>
         <size>0x34</size>
         <input_file_ref idref="fl-149"/>
      </object_component>
      <object_component id="oc-1cc">
         <name>.text:SysCtlPeripheralPresent</name>
         <load_address>0x3d98</load_address>
         <run_address>0x3d98</run_address>
         <size>0x34</size>
         <input_file_ref idref="fl-149"/>
      </object_component>
      <object_component id="oc-223">
         <name>.text:ADCIntStatus</name>
         <load_address>0x3dcc</load_address>
         <run_address>0x3dcc</run_address>
         <size>0x2e</size>
         <input_file_ref idref="fl-14d"/>
      </object_component>
      <object_component id="oc-289">
         <name>.text:GPIODirModeSet</name>
         <load_address>0x3dfa</load_address>
         <run_address>0x3dfa</run_address>
         <size>0x2a</size>
         <input_file_ref idref="fl-14b"/>
      </object_component>
      <object_component id="oc-229">
         <name>.text:ADCSequenceDataGet</name>
         <load_address>0x3e24</load_address>
         <run_address>0x3e24</run_address>
         <size>0x1e</size>
         <input_file_ref idref="fl-14d"/>
      </object_component>
      <object_component id="oc-292">
         <name>.text:UARTDisable</name>
         <load_address>0x3e44</load_address>
         <run_address>0x3e44</run_address>
         <size>0x1c</size>
         <input_file_ref idref="fl-148"/>
      </object_component>
      <object_component id="oc-262">
         <name>.text:_SysCtlMemTimingGet</name>
         <load_address>0x3e60</load_address>
         <run_address>0x3e60</run_address>
         <size>0x1c</size>
         <input_file_ref idref="fl-149"/>
      </object_component>
      <object_component id="oc-1ef">
         <name>.text:GPIOPinTypeGPIOOutput</name>
         <load_address>0x3e7c</load_address>
         <run_address>0x3e7c</run_address>
         <size>0x18</size>
         <input_file_ref idref="fl-14b"/>
      </object_component>
      <object_component id="oc-72">
         <name>.text</name>
         <load_address>0x3e94</load_address>
         <run_address>0x3e94</run_address>
         <size>0x18</size>
         <input_file_ref idref="fl-145"/>
      </object_component>
      <object_component id="oc-21d">
         <name>.text:ADCProcessorTrigger</name>
         <load_address>0x3eac</load_address>
         <run_address>0x3eac</run_address>
         <size>0x16</size>
         <input_file_ref idref="fl-14d"/>
      </object_component>
      <object_component id="oc-1bc">
         <name>.text:UARTEnable</name>
         <load_address>0x3ec2</load_address>
         <run_address>0x3ec2</run_address>
         <size>0x14</size>
         <input_file_ref idref="fl-148"/>
      </object_component>
      <object_component id="oc-14e">
         <name>.text</name>
         <load_address>0x3ed8</load_address>
         <run_address>0x3ed8</run_address>
         <size>0x14</size>
         <input_file_ref idref="fl-144"/>
      </object_component>
      <object_component id="oc-1aa">
         <name>.text:GPIOPinTypeUART</name>
         <load_address>0x3eec</load_address>
         <run_address>0x3eec</run_address>
         <size>0x12</size>
         <input_file_ref idref="fl-14b"/>
      </object_component>
      <object_component id="oc-217">
         <name>.text:ADCSequenceEnable</name>
         <load_address>0x3efe</load_address>
         <run_address>0x3efe</run_address>
         <size>0xe</size>
         <input_file_ref idref="fl-14d"/>
      </object_component>
      <object_component id="oc-134">
         <name>.text</name>
         <load_address>0x3f0c</load_address>
         <run_address>0x3f0c</run_address>
         <size>0xe</size>
         <input_file_ref idref="fl-8"/>
      </object_component>
      <object_component id="oc-12">
         <name>.text:decompress:none</name>
         <load_address>0x3f1a</load_address>
         <run_address>0x3f1a</run_address>
         <size>0xe</size>
         <input_file_ref idref="fl-13b"/>
      </object_component>
      <object_component id="oc-2d">
         <name>.text</name>
         <load_address>0x3f28</load_address>
         <run_address>0x3f28</run_address>
         <size>0xc</size>
         <input_file_ref idref="fl-3"/>
      </object_component>
      <object_component id="oc-1e">
         <name>.text:decompress:ZI</name>
         <load_address>0x3f34</load_address>
         <run_address>0x3f34</run_address>
         <size>0xc</size>
         <input_file_ref idref="fl-13d"/>
      </object_component>
      <object_component id="oc-22f">
         <name>.text:ADCIntClear</name>
         <load_address>0x3f40</load_address>
         <run_address>0x3f40</run_address>
         <size>0xa</size>
         <input_file_ref idref="fl-14d"/>
      </object_component>
      <object_component id="oc-1d2">
         <name>.text:UARTCharGet</name>
         <load_address>0x3f4a</load_address>
         <run_address>0x3f4a</run_address>
         <size>0xa</size>
         <input_file_ref idref="fl-148"/>
      </object_component>
      <object_component id="oc-1c2">
         <name>.text:UARTCharPut</name>
         <load_address>0x3f54</load_address>
         <run_address>0x3f54</run_address>
         <size>0xa</size>
         <input_file_ref idref="fl-148"/>
      </object_component>
      <object_component id="oc-1fb">
         <name>.text:GPIOPinRead</name>
         <load_address>0x3f5e</load_address>
         <run_address>0x3f5e</run_address>
         <size>0x6</size>
         <input_file_ref idref="fl-14b"/>
      </object_component>
      <object_component id="oc-201">
         <name>.text:GPIOPinWrite</name>
         <load_address>0x3f64</load_address>
         <run_address>0x3f64</run_address>
         <size>0x6</size>
         <input_file_ref idref="fl-14b"/>
      </object_component>
      <object_component id="oc-1b0">
         <name>.text:UARTClockSourceSet</name>
         <load_address>0x3f6a</load_address>
         <run_address>0x3f6a</run_address>
         <size>0x6</size>
         <input_file_ref idref="fl-148"/>
      </object_component>
      <object_component id="oc-18">
         <name>.text:decompress:rle24</name>
         <load_address>0x3f70</load_address>
         <run_address>0x3f70</run_address>
         <size>0x6</size>
         <input_file_ref idref="fl-13c"/>
      </object_component>
      <object_component id="oc-66">
         <name>.text</name>
         <load_address>0x3f76</load_address>
         <run_address>0x3f76</run_address>
         <size>0x4</size>
         <input_file_ref idref="fl-141"/>
      </object_component>
      <object_component id="oc-271">
         <name>.const:g_pppui32XTALtoVCO</name>
         <load_address>0x3f7c</load_address>
         <run_address>0x3f7c</run_address>
         <size>0x120</size>
         <input_file_ref idref="fl-149"/>
      </object_component>
      <object_component id="oc-284">
         <name>.const:g_pui32GPIOBaseAddrs</name>
         <load_address>0x409c</load_address>
         <run_address>0x409c</run_address>
         <size>0x90</size>
         <input_file_ref idref="fl-14b"/>
      </object_component>
      <object_component id="oc-26e">
         <name>.const:g_pui32Xtals</name>
         <load_address>0x412c</load_address>
         <run_address>0x412c</run_address>
         <size>0x6c</size>
         <input_file_ref idref="fl-149"/>
      </object_component>
      <object_component id="oc-2d3">
         <name>.const:g_sXTALtoMEMTIM</name>
         <load_address>0x4198</load_address>
         <run_address>0x4198</run_address>
         <size>0x30</size>
         <input_file_ref idref="fl-149"/>
      </object_component>
      <object_component id="oc-1d8">
         <name>.const</name>
         <load_address>0x41c8</load_address>
         <run_address>0x41c8</run_address>
         <size>0x1c</size>
         <input_file_ref idref="fl-13"/>
      </object_component>
      <object_component id="oc-29f">
         <name>.const:.string</name>
         <load_address>0x41e4</load_address>
         <run_address>0x41e4</run_address>
         <size>0x12</size>
         <input_file_ref idref="fl-13"/>
      </object_component>
      <object_component id="oc-18b">
         <name>.const</name>
         <load_address>0x41f6</load_address>
         <run_address>0x41f6</run_address>
         <size>0x2</size>
         <input_file_ref idref="fl-4"/>
      </object_component>
      <object_component id="oc-274">
         <name>.const</name>
         <load_address>0x41f8</load_address>
         <run_address>0x41f8</run_address>
         <size>0x8</size>
         <input_file_ref idref="fl-149"/>
      </object_component>
      <object_component id="oc-88">
         <name>.const</name>
         <load_address>0x4200</load_address>
         <run_address>0x4200</run_address>
         <size>0x4</size>
         <input_file_ref idref="fl-10"/>
      </object_component>
      <object_component id="oc-316">
         <name>.cinit..data.load</name>
         <load_address>0x4208</load_address>
         <run_address>0x4208</run_address>
         <size>0x1d</size>
      </object_component>
      <object_component id="oc-314">
         <name>__TI_handler_table</name>
         <load_address>0x4228</load_address>
         <run_address>0x4228</run_address>
         <size>0xc</size>
      </object_component>
      <object_component id="oc-317">
         <name>.cinit..bss.load</name>
         <load_address>0x4238</load_address>
         <run_address>0x4238</run_address>
         <size>0x8</size>
      </object_component>
      <object_component id="oc-315">
         <name>__TI_cinit_table</name>
         <load_address>0x4240</load_address>
         <run_address>0x4240</run_address>
         <size>0x10</size>
      </object_component>
      <object_component id="oc-29">
         <name>.stack</name>
         <uninitialized>true</uninitialized>
         <run_address>0x2000c5a0</run_address>
         <size>0x0</size>
         <input_file_ref idref="fl-13a"/>
      </object_component>
      <object_component id="oc-318">
         <name>.stack</name>
         <uninitialized>true</uninitialized>
         <run_address>0x2000c5a0</run_address>
         <size>0x0</size>
      </object_component>
      <object_component id="oc-2a">
         <name>.bss:pulStack</name>
         <uninitialized>true</uninitialized>
         <run_address>0x2000c350</run_address>
         <size>0x100</size>
         <input_file_ref idref="fl-3"/>
      </object_component>
      <object_component id="oc-187">
         <name>.bss:xHeap</name>
         <uninitialized>true</uninitialized>
         <run_address>0x20000000</run_address>
         <size>0xc350</size>
         <input_file_ref idref="fl-4"/>
      </object_component>
      <object_component id="oc-247">
         <name>.bss:xQueueRegistry</name>
         <uninitialized>true</uninitialized>
         <run_address>0x2000c4b4</run_address>
         <size>0x40</size>
         <input_file_ref idref="fl-d"/>
      </object_component>
      <object_component id="oc-e3">
         <name>.bss:pxReadyTasksLists</name>
         <uninitialized>true</uninitialized>
         <run_address>0x2000c450</run_address>
         <size>0x64</size>
         <input_file_ref idref="fl-e"/>
      </object_component>
      <object_component id="oc-184">
         <name>.common:xStart</name>
         <uninitialized>true</uninitialized>
         <run_address>0x2000c588</run_address>
         <size>0x8</size>
      </object_component>
      <object_component id="oc-18a">
         <name>.common:xEnd</name>
         <uninitialized>true</uninitialized>
         <run_address>0x2000c580</run_address>
         <size>0x8</size>
      </object_component>
      <object_component id="oc-f7">
         <name>.common:xDelayedTaskList1</name>
         <uninitialized>true</uninitialized>
         <run_address>0x2000c51c</run_address>
         <size>0x14</size>
      </object_component>
      <object_component id="oc-f8">
         <name>.common:xDelayedTaskList2</name>
         <uninitialized>true</uninitialized>
         <run_address>0x2000c530</run_address>
         <size>0x14</size>
      </object_component>
      <object_component id="oc-ef">
         <name>.common:pxDelayedTaskList</name>
         <uninitialized>true</uninitialized>
         <run_address>0x2000c594</run_address>
         <size>0x4</size>
      </object_component>
      <object_component id="oc-f0">
         <name>.common:pxOverflowDelayedTaskList</name>
         <uninitialized>true</uninitialized>
         <run_address>0x2000c598</run_address>
         <size>0x4</size>
      </object_component>
      <object_component id="oc-ee">
         <name>.common:xPendingReadyList</name>
         <uninitialized>true</uninitialized>
         <run_address>0x2000c544</run_address>
         <size>0x14</size>
      </object_component>
      <object_component id="oc-e6">
         <name>.common:xTasksWaitingTermination</name>
         <uninitialized>true</uninitialized>
         <run_address>0x2000c56c</run_address>
         <size>0x14</size>
      </object_component>
      <object_component id="oc-ed">
         <name>.common:xSuspendedTaskList</name>
         <uninitialized>true</uninitialized>
         <run_address>0x2000c558</run_address>
         <size>0x14</size>
      </object_component>
      <object_component id="oc-179">
         <name>.common:xActiveTimerList1</name>
         <uninitialized>true</uninitialized>
         <run_address>0x2000c4f4</run_address>
         <size>0x14</size>
      </object_component>
      <object_component id="oc-17a">
         <name>.common:xActiveTimerList2</name>
         <uninitialized>true</uninitialized>
         <run_address>0x2000c508</run_address>
         <size>0x14</size>
      </object_component>
      <object_component id="oc-175">
         <name>.common:pxCurrentTimerList</name>
         <uninitialized>true</uninitialized>
         <run_address>0x2000c590</run_address>
         <size>0x4</size>
      </object_component>
      <object_component id="oc-178">
         <name>.common:pxOverflowTimerList</name>
         <uninitialized>true</uninitialized>
         <run_address>0x2000c59c</run_address>
         <size>0x4</size>
      </object_component>
      <object_component id="oc-181">
         <name>.data</name>
         <load_address>0x2000cde0</load_address>
         <run_address>0x2000cde0</run_address>
         <size>0x8</size>
         <input_file_ref idref="fl-4"/>
      </object_component>
      <object_component id="oc-235">
         <name>.data</name>
         <load_address>0x2000ce10</load_address>
         <run_address>0x2000ce10</run_address>
         <size>0x4</size>
         <input_file_ref idref="fl-7"/>
      </object_component>
      <object_component id="oc-85">
         <name>.data</name>
         <load_address>0x2000cda0</load_address>
         <run_address>0x2000cda0</run_address>
         <size>0x30</size>
         <input_file_ref idref="fl-e"/>
      </object_component>
      <object_component id="oc-172">
         <name>.data</name>
         <load_address>0x2000ce00</load_address>
         <run_address>0x2000ce00</run_address>
         <size>0x8</size>
         <input_file_ref idref="fl-f"/>
      </object_component>
      <object_component id="oc-92">
         <name>.data</name>
         <load_address>0x2000cde8</load_address>
         <run_address>0x2000cde8</run_address>
         <size>0x8</size>
         <input_file_ref idref="fl-10"/>
      </object_component>
      <object_component id="oc-1c8">
         <name>.data</name>
         <load_address>0x2000cdd0</load_address>
         <run_address>0x2000cdd0</run_address>
         <size>0x10</size>
         <input_file_ref idref="fl-12"/>
      </object_component>
      <object_component id="oc-1db">
         <name>.data</name>
         <load_address>0x2000ce08</load_address>
         <run_address>0x2000ce08</run_address>
         <size>0x5</size>
         <input_file_ref idref="fl-13"/>
      </object_component>
      <object_component id="oc-cf">
         <name>.data</name>
         <load_address>0x2000cdf8</load_address>
         <run_address>0x2000cdf8</run_address>
         <size>0x8</size>
         <input_file_ref idref="fl-13e"/>
      </object_component>
      <object_component id="oc-7e">
         <name>.data</name>
         <load_address>0x2000ce14</load_address>
         <run_address>0x2000ce14</run_address>
         <size>0x4</size>
         <input_file_ref idref="fl-142"/>
      </object_component>
      <object_component id="oc-cc">
         <name>.data</name>
         <load_address>0x2000cdf0</load_address>
         <run_address>0x2000cdf0</run_address>
         <size>0x8</size>
         <input_file_ref idref="fl-144"/>
      </object_component>
      <object_component id="oc-112">
         <name>.debug_info</name>
         <load_address>0x0</load_address>
         <run_address>0x0</run_address>
         <size>0x385</size>
         <input_file_ref idref="fl-2"/>
      </object_component>
      <object_component id="oc-c5">
         <name>.debug_info</name>
         <load_address>0x385</load_address>
         <run_address>0x385</run_address>
         <size>0x20d</size>
         <input_file_ref idref="fl-2"/>
      </object_component>
      <object_component id="oc-fa">
         <name>.debug_info</name>
         <load_address>0x592</load_address>
         <run_address>0x592</run_address>
         <size>0x2ef</size>
         <input_file_ref idref="fl-2"/>
      </object_component>
      <object_component id="oc-a3">
         <name>.debug_info</name>
         <load_address>0x881</load_address>
         <run_address>0x881</run_address>
         <size>0x84</size>
         <input_file_ref idref="fl-2"/>
      </object_component>
      <object_component id="oc-97">
         <name>.debug_info</name>
         <load_address>0x905</load_address>
         <run_address>0x905</run_address>
         <size>0x2c</size>
         <input_file_ref idref="fl-2"/>
      </object_component>
      <object_component id="oc-ff">
         <name>.debug_info</name>
         <load_address>0x931</load_address>
         <run_address>0x931</run_address>
         <size>0x18b</size>
         <input_file_ref idref="fl-2"/>
      </object_component>
      <object_component id="oc-9c">
         <name>.debug_info</name>
         <load_address>0xabc</load_address>
         <run_address>0xabc</run_address>
         <size>0xae</size>
         <input_file_ref idref="fl-2"/>
      </object_component>
      <object_component id="oc-1ea">
         <name>.debug_info</name>
         <load_address>0xb6a</load_address>
         <run_address>0xb6a</run_address>
         <size>0x4e</size>
         <input_file_ref idref="fl-2"/>
      </object_component>
      <object_component id="oc-10d">
         <name>.debug_info</name>
         <load_address>0xbb8</load_address>
         <run_address>0xbb8</run_address>
         <size>0x14c</size>
         <input_file_ref idref="fl-2"/>
      </object_component>
      <object_component id="oc-40">
         <name>.debug_info</name>
         <load_address>0xd04</load_address>
         <run_address>0xd04</run_address>
         <size>0x19d</size>
         <input_file_ref idref="fl-3"/>
      </object_component>
      <object_component id="oc-2b">
         <name>.debug_info</name>
         <load_address>0xea1</load_address>
         <run_address>0xea1</run_address>
         <size>0x106</size>
         <input_file_ref idref="fl-3"/>
      </object_component>
      <object_component id="oc-10">
         <name>.debug_info</name>
         <load_address>0xfa7</load_address>
         <run_address>0xfa7</run_address>
         <size>0x10f</size>
         <input_file_ref idref="fl-3"/>
      </object_component>
      <object_component id="oc-2e">
         <name>.debug_info</name>
         <load_address>0x10b6</load_address>
         <run_address>0x10b6</run_address>
         <size>0x29b</size>
         <input_file_ref idref="fl-3"/>
      </object_component>
      <object_component id="oc-185">
         <name>.debug_info</name>
         <load_address>0x1351</load_address>
         <run_address>0x1351</run_address>
         <size>0x21a</size>
         <input_file_ref idref="fl-4"/>
      </object_component>
      <object_component id="oc-188">
         <name>.debug_info</name>
         <load_address>0x156b</load_address>
         <run_address>0x156b</run_address>
         <size>0xec</size>
         <input_file_ref idref="fl-4"/>
      </object_component>
      <object_component id="oc-18c">
         <name>.debug_info</name>
         <load_address>0x1657</load_address>
         <run_address>0x1657</run_address>
         <size>0x100</size>
         <input_file_ref idref="fl-4"/>
      </object_component>
      <object_component id="oc-182">
         <name>.debug_info</name>
         <load_address>0x1757</load_address>
         <run_address>0x1757</run_address>
         <size>0x108</size>
         <input_file_ref idref="fl-4"/>
      </object_component>
      <object_component id="oc-f2">
         <name>.debug_info</name>
         <load_address>0x185f</load_address>
         <run_address>0x185f</run_address>
         <size>0x49a</size>
         <input_file_ref idref="fl-4"/>
      </object_component>
      <object_component id="oc-15e">
         <name>.debug_info</name>
         <load_address>0x1cf9</load_address>
         <run_address>0x1cf9</run_address>
         <size>0x110</size>
         <input_file_ref idref="fl-4"/>
      </object_component>
      <object_component id="oc-259">
         <name>.debug_info</name>
         <load_address>0x1e09</load_address>
         <run_address>0x1e09</run_address>
         <size>0xa7</size>
         <input_file_ref idref="fl-4"/>
      </object_component>
      <object_component id="oc-208">
         <name>.debug_info</name>
         <load_address>0x1eb0</load_address>
         <run_address>0x1eb0</run_address>
         <size>0x299</size>
         <input_file_ref idref="fl-5"/>
      </object_component>
      <object_component id="oc-12f">
         <name>.debug_info</name>
         <load_address>0x2149</load_address>
         <run_address>0x2149</run_address>
         <size>0x231</size>
         <input_file_ref idref="fl-5"/>
      </object_component>
      <object_component id="oc-240">
         <name>.debug_info</name>
         <load_address>0x237a</load_address>
         <run_address>0x237a</run_address>
         <size>0x270</size>
         <input_file_ref idref="fl-6"/>
      </object_component>
      <object_component id="oc-141">
         <name>.debug_info</name>
         <load_address>0x25ea</load_address>
         <run_address>0x25ea</run_address>
         <size>0x29d</size>
         <input_file_ref idref="fl-6"/>
      </object_component>
      <object_component id="oc-2cb">
         <name>.debug_info</name>
         <load_address>0x2887</load_address>
         <run_address>0x2887</run_address>
         <size>0x24d</size>
         <input_file_ref idref="fl-7"/>
      </object_component>
      <object_component id="oc-236">
         <name>.debug_info</name>
         <load_address>0x2ad4</load_address>
         <run_address>0x2ad4</run_address>
         <size>0x112</size>
         <input_file_ref idref="fl-7"/>
      </object_component>
      <object_component id="oc-23a">
         <name>.debug_info</name>
         <load_address>0x2be6</load_address>
         <run_address>0x2be6</run_address>
         <size>0x8a</size>
         <input_file_ref idref="fl-7"/>
      </object_component>
      <object_component id="oc-24b">
         <name>.debug_info</name>
         <load_address>0x2c70</load_address>
         <run_address>0x2c70</run_address>
         <size>0x46</size>
         <input_file_ref idref="fl-7"/>
      </object_component>
      <object_component id="oc-20a">
         <name>.debug_info</name>
         <load_address>0x2cb6</load_address>
         <run_address>0x2cb6</run_address>
         <size>0x17d</size>
         <input_file_ref idref="fl-8"/>
      </object_component>
      <object_component id="oc-135">
         <name>.debug_info</name>
         <load_address>0x2e33</load_address>
         <run_address>0x2e33</run_address>
         <size>0x1aa</size>
         <input_file_ref idref="fl-8"/>
      </object_component>
      <object_component id="oc-239">
         <name>.debug_info</name>
         <load_address>0x2fdd</load_address>
         <run_address>0x2fdd</run_address>
         <size>0x43d</size>
         <input_file_ref idref="fl-9"/>
      </object_component>
      <object_component id="oc-13b">
         <name>.debug_info</name>
         <load_address>0x341a</load_address>
         <run_address>0x341a</run_address>
         <size>0x2d1</size>
         <input_file_ref idref="fl-9"/>
      </object_component>
      <object_component id="oc-1e4">
         <name>.debug_info</name>
         <load_address>0x36eb</load_address>
         <run_address>0x36eb</run_address>
         <size>0x8b</size>
         <input_file_ref idref="fl-9"/>
      </object_component>
      <object_component id="oc-244">
         <name>.debug_info</name>
         <load_address>0x3776</load_address>
         <run_address>0x3776</run_address>
         <size>0x46b</size>
         <input_file_ref idref="fl-b"/>
      </object_component>
      <object_component id="oc-2bf">
         <name>.debug_info</name>
         <load_address>0x3be1</load_address>
         <run_address>0x3be1</run_address>
         <size>0x39</size>
         <input_file_ref idref="fl-b"/>
      </object_component>
      <object_component id="oc-163">
         <name>.debug_info</name>
         <load_address>0x3c1a</load_address>
         <run_address>0x3c1a</run_address>
         <size>0x46</size>
         <input_file_ref idref="fl-b"/>
      </object_component>
      <object_component id="oc-2c4">
         <name>.debug_info</name>
         <load_address>0x3c60</load_address>
         <run_address>0x3c60</run_address>
         <size>0x84</size>
         <input_file_ref idref="fl-b"/>
      </object_component>
      <object_component id="oc-169">
         <name>.debug_info</name>
         <load_address>0x3ce4</load_address>
         <run_address>0x3ce4</run_address>
         <size>0x17a</size>
         <input_file_ref idref="fl-c"/>
      </object_component>
      <object_component id="oc-de">
         <name>.debug_info</name>
         <load_address>0x3e5e</load_address>
         <run_address>0x3e5e</run_address>
         <size>0x6c3</size>
         <input_file_ref idref="fl-c"/>
      </object_component>
      <object_component id="oc-250">
         <name>.debug_info</name>
         <load_address>0x4521</load_address>
         <run_address>0x4521</run_address>
         <size>0x660</size>
         <input_file_ref idref="fl-d"/>
      </object_component>
      <object_component id="oc-248">
         <name>.debug_info</name>
         <load_address>0x4b81</load_address>
         <run_address>0x4b81</run_address>
         <size>0x135</size>
         <input_file_ref idref="fl-d"/>
      </object_component>
      <object_component id="oc-16d">
         <name>.debug_info</name>
         <load_address>0x4cb6</load_address>
         <run_address>0x4cb6</run_address>
         <size>0x32c8</size>
         <input_file_ref idref="fl-d"/>
      </object_component>
      <object_component id="oc-2ce">
         <name>.debug_info</name>
         <load_address>0x7f7e</load_address>
         <run_address>0x7f7e</run_address>
         <size>0x1db</size>
         <input_file_ref idref="fl-d"/>
      </object_component>
      <object_component id="oc-d9">
         <name>.debug_info</name>
         <load_address>0x8159</load_address>
         <run_address>0x8159</run_address>
         <size>0x75c</size>
         <input_file_ref idref="fl-e"/>
      </object_component>
      <object_component id="oc-86">
         <name>.debug_info</name>
         <load_address>0x88b5</load_address>
         <run_address>0x88b5</run_address>
         <size>0x33e</size>
         <input_file_ref idref="fl-e"/>
      </object_component>
      <object_component id="oc-e4">
         <name>.debug_info</name>
         <load_address>0x8bf3</load_address>
         <run_address>0x8bf3</run_address>
         <size>0x13a</size>
         <input_file_ref idref="fl-e"/>
      </object_component>
      <object_component id="oc-8c">
         <name>.debug_info</name>
         <load_address>0x8d2d</load_address>
         <run_address>0x8d2d</run_address>
         <size>0x56c4</size>
         <input_file_ref idref="fl-e"/>
      </object_component>
      <object_component id="oc-104">
         <name>.debug_info</name>
         <load_address>0xe3f1</load_address>
         <run_address>0xe3f1</run_address>
         <size>0x177</size>
         <input_file_ref idref="fl-e"/>
      </object_component>
      <object_component id="oc-176">
         <name>.debug_info</name>
         <load_address>0xe568</load_address>
         <run_address>0xe568</run_address>
         <size>0x755</size>
         <input_file_ref idref="fl-f"/>
      </object_component>
      <object_component id="oc-173">
         <name>.debug_info</name>
         <load_address>0xecbd</load_address>
         <run_address>0xecbd</run_address>
         <size>0x12f</size>
         <input_file_ref idref="fl-f"/>
      </object_component>
      <object_component id="oc-e8">
         <name>.debug_info</name>
         <load_address>0xedec</load_address>
         <run_address>0xedec</run_address>
         <size>0x1d06</size>
         <input_file_ref idref="fl-f"/>
      </object_component>
      <object_component id="oc-17c">
         <name>.debug_info</name>
         <load_address>0x10af2</load_address>
         <run_address>0x10af2</run_address>
         <size>0x1dc</size>
         <input_file_ref idref="fl-f"/>
      </object_component>
      <object_component id="oc-96">
         <name>.debug_info</name>
         <load_address>0x10cce</load_address>
         <run_address>0x10cce</run_address>
         <size>0x250</size>
         <input_file_ref idref="fl-10"/>
      </object_component>
      <object_component id="oc-89">
         <name>.debug_info</name>
         <load_address>0x10f1e</load_address>
         <run_address>0x10f1e</run_address>
         <size>0x168</size>
         <input_file_ref idref="fl-10"/>
      </object_component>
      <object_component id="oc-93">
         <name>.debug_info</name>
         <load_address>0x11086</load_address>
         <run_address>0x11086</run_address>
         <size>0x183</size>
         <input_file_ref idref="fl-10"/>
      </object_component>
      <object_component id="oc-39">
         <name>.debug_info</name>
         <load_address>0x11209</load_address>
         <run_address>0x11209</run_address>
         <size>0x9e4</size>
         <input_file_ref idref="fl-10"/>
      </object_component>
      <object_component id="oc-34">
         <name>.debug_info</name>
         <load_address>0x11bed</load_address>
         <run_address>0x11bed</run_address>
         <size>0x2b0</size>
         <input_file_ref idref="fl-11"/>
      </object_component>
      <object_component id="oc-1c9">
         <name>.debug_info</name>
         <load_address>0x11e9d</load_address>
         <run_address>0x11e9d</run_address>
         <size>0x1b1</size>
         <input_file_ref idref="fl-12"/>
      </object_component>
      <object_component id="oc-123">
         <name>.debug_info</name>
         <load_address>0x1204e</load_address>
         <run_address>0x1204e</run_address>
         <size>0x36a</size>
         <input_file_ref idref="fl-12"/>
      </object_component>
      <object_component id="oc-1e9">
         <name>.debug_info</name>
         <load_address>0x123b8</load_address>
         <run_address>0x123b8</run_address>
         <size>0x264</size>
         <input_file_ref idref="fl-13"/>
      </object_component>
      <object_component id="oc-1dc">
         <name>.debug_info</name>
         <load_address>0x1261c</load_address>
         <run_address>0x1261c</run_address>
         <size>0x101</size>
         <input_file_ref idref="fl-13"/>
      </object_component>
      <object_component id="oc-1d9">
         <name>.debug_info</name>
         <load_address>0x1271d</load_address>
         <run_address>0x1271d</run_address>
         <size>0x157</size>
         <input_file_ref idref="fl-13"/>
      </object_component>
      <object_component id="oc-129">
         <name>.debug_info</name>
         <load_address>0x12874</load_address>
         <run_address>0x12874</run_address>
         <size>0x80a</size>
         <input_file_ref idref="fl-13"/>
      </object_component>
      <object_component id="oc-25">
         <name>.debug_info</name>
         <load_address>0x1307e</load_address>
         <run_address>0x1307e</run_address>
         <size>0x138</size>
         <input_file_ref idref="fl-13a"/>
      </object_component>
      <object_component id="oc-4c">
         <name>.debug_info</name>
         <load_address>0x131b6</load_address>
         <run_address>0x131b6</run_address>
         <size>0x123</size>
         <input_file_ref idref="fl-13b"/>
      </object_component>
      <object_component id="oc-16">
         <name>.debug_info</name>
         <load_address>0x132d9</load_address>
         <run_address>0x132d9</run_address>
         <size>0x1c2</size>
         <input_file_ref idref="fl-13b"/>
      </object_component>
      <object_component id="oc-47">
         <name>.debug_info</name>
         <load_address>0x1349b</load_address>
         <run_address>0x1349b</run_address>
         <size>0x46</size>
         <input_file_ref idref="fl-13b"/>
      </object_component>
      <object_component id="oc-a9">
         <name>.debug_info</name>
         <load_address>0x134e1</load_address>
         <run_address>0x134e1</run_address>
         <size>0x2c</size>
         <input_file_ref idref="fl-13b"/>
      </object_component>
      <object_component id="oc-54">
         <name>.debug_info</name>
         <load_address>0x1350d</load_address>
         <run_address>0x1350d</run_address>
         <size>0x117</size>
         <input_file_ref idref="fl-13c"/>
      </object_component>
      <object_component id="oc-4f">
         <name>.debug_info</name>
         <load_address>0x13624</load_address>
         <run_address>0x13624</run_address>
         <size>0x22a</size>
         <input_file_ref idref="fl-13c"/>
      </object_component>
      <object_component id="oc-1a">
         <name>.debug_info</name>
         <load_address>0x1384e</load_address>
         <run_address>0x1384e</run_address>
         <size>0x1bc</size>
         <input_file_ref idref="fl-13c"/>
      </object_component>
      <object_component id="oc-55">
         <name>.debug_info</name>
         <load_address>0x13a0a</load_address>
         <run_address>0x13a0a</run_address>
         <size>0x39</size>
         <input_file_ref idref="fl-13c"/>
      </object_component>
      <object_component id="oc-b3">
         <name>.debug_info</name>
         <load_address>0x13a43</load_address>
         <run_address>0x13a43</run_address>
         <size>0x2c</size>
         <input_file_ref idref="fl-13c"/>
      </object_component>
      <object_component id="oc-65">
         <name>.debug_info</name>
         <load_address>0x13a6f</load_address>
         <run_address>0x13a6f</run_address>
         <size>0x112</size>
         <input_file_ref idref="fl-13d"/>
      </object_component>
      <object_component id="oc-1f">
         <name>.debug_info</name>
         <load_address>0x13b81</load_address>
         <run_address>0x13b81</run_address>
         <size>0x18d</size>
         <input_file_ref idref="fl-13d"/>
      </object_component>
      <object_component id="oc-60">
         <name>.debug_info</name>
         <load_address>0x13d0e</load_address>
         <run_address>0x13d0e</run_address>
         <size>0x46</size>
         <input_file_ref idref="fl-13d"/>
      </object_component>
      <object_component id="oc-d3">
         <name>.debug_info</name>
         <load_address>0x13d54</load_address>
         <run_address>0x13d54</run_address>
         <size>0x174</size>
         <input_file_ref idref="fl-13e"/>
      </object_component>
      <object_component id="oc-d0">
         <name>.debug_info</name>
         <load_address>0x13ec8</load_address>
         <run_address>0x13ec8</run_address>
         <size>0x119</size>
         <input_file_ref idref="fl-13e"/>
      </object_component>
      <object_component id="oc-7b">
         <name>.debug_info</name>
         <load_address>0x13fe1</load_address>
         <run_address>0x13fe1</run_address>
         <size>0x1f0</size>
         <input_file_ref idref="fl-13e"/>
      </object_component>
      <object_component id="oc-42">
         <name>.debug_info</name>
         <load_address>0x141d1</load_address>
         <run_address>0x141d1</run_address>
         <size>0xfa</size>
         <input_file_ref idref="fl-13f"/>
      </object_component>
      <object_component id="oc-5b">
         <name>.debug_info</name>
         <load_address>0x142cb</load_address>
         <run_address>0x142cb</run_address>
         <size>0x12a</size>
         <input_file_ref idref="fl-140"/>
      </object_component>
      <object_component id="oc-6a">
         <name>.debug_info</name>
         <load_address>0x143f5</load_address>
         <run_address>0x143f5</run_address>
         <size>0x12b</size>
         <input_file_ref idref="fl-141"/>
      </object_component>
      <object_component id="oc-7f">
         <name>.debug_info</name>
         <load_address>0x14520</load_address>
         <run_address>0x14520</run_address>
         <size>0xec</size>
         <input_file_ref idref="fl-142"/>
      </object_component>
      <object_component id="oc-1e0">
         <name>.debug_info</name>
         <load_address>0x1460c</load_address>
         <run_address>0x1460c</run_address>
         <size>0x165</size>
         <input_file_ref idref="fl-143"/>
      </object_component>
      <object_component id="oc-156">
         <name>.debug_info</name>
         <load_address>0x14771</load_address>
         <run_address>0x14771</run_address>
         <size>0x107</size>
         <input_file_ref idref="fl-144"/>
      </object_component>
      <object_component id="oc-cd">
         <name>.debug_info</name>
         <load_address>0x14878</load_address>
         <run_address>0x14878</run_address>
         <size>0xf6</size>
         <input_file_ref idref="fl-144"/>
      </object_component>
      <object_component id="oc-152">
         <name>.debug_info</name>
         <load_address>0x1496e</load_address>
         <run_address>0x1496e</run_address>
         <size>0x202</size>
         <input_file_ref idref="fl-144"/>
      </object_component>
      <object_component id="oc-cb">
         <name>.debug_info</name>
         <load_address>0x14b70</load_address>
         <run_address>0x14b70</run_address>
         <size>0x149</size>
         <input_file_ref idref="fl-145"/>
      </object_component>
      <object_component id="oc-73">
         <name>.debug_info</name>
         <load_address>0x14cb9</load_address>
         <run_address>0x14cb9</run_address>
         <size>0x14a</size>
         <input_file_ref idref="fl-145"/>
      </object_component>
      <object_component id="oc-149">
         <name>.debug_info</name>
         <load_address>0x14e03</load_address>
         <run_address>0x14e03</run_address>
         <size>0x5e</size>
         <input_file_ref idref="fl-145"/>
      </object_component>
      <object_component id="oc-c3">
         <name>.debug_info</name>
         <load_address>0x14e61</load_address>
         <run_address>0x14e61</run_address>
         <size>0x2a0</size>
         <input_file_ref idref="fl-146"/>
      </object_component>
      <object_component id="oc-70">
         <name>.debug_info</name>
         <load_address>0x15101</load_address>
         <run_address>0x15101</run_address>
         <size>0x15a</size>
         <input_file_ref idref="fl-146"/>
      </object_component>
      <object_component id="oc-118">
         <name>.debug_info</name>
         <load_address>0x1525b</load_address>
         <run_address>0x1525b</run_address>
         <size>0x39</size>
         <input_file_ref idref="fl-146"/>
      </object_component>
      <object_component id="oc-11d">
         <name>.debug_info</name>
         <load_address>0x15294</load_address>
         <run_address>0x15294</run_address>
         <size>0xcd</size>
         <input_file_ref idref="fl-146"/>
      </object_component>
      <object_component id="oc-115">
         <name>.debug_info</name>
         <load_address>0x15361</load_address>
         <run_address>0x15361</run_address>
         <size>0x1c3</size>
         <input_file_ref idref="fl-147"/>
      </object_component>
      <object_component id="oc-be">
         <name>.debug_info</name>
         <load_address>0x15524</load_address>
         <run_address>0x15524</run_address>
         <size>0x17f</size>
         <input_file_ref idref="fl-147"/>
      </object_component>
      <object_component id="oc-193">
         <name>.debug_info</name>
         <load_address>0x156a3</load_address>
         <run_address>0x156a3</run_address>
         <size>0x2c</size>
         <input_file_ref idref="fl-147"/>
      </object_component>
      <object_component id="oc-291">
         <name>.debug_info</name>
         <load_address>0x156cf</load_address>
         <run_address>0x156cf</run_address>
         <size>0x1ce</size>
         <input_file_ref idref="fl-148"/>
      </object_component>
      <object_component id="oc-1c0">
         <name>.debug_info</name>
         <load_address>0x1589d</load_address>
         <run_address>0x1589d</run_address>
         <size>0x1ab</size>
         <input_file_ref idref="fl-148"/>
      </object_component>
      <object_component id="oc-294">
         <name>.debug_info</name>
         <load_address>0x15a48</load_address>
         <run_address>0x15a48</run_address>
         <size>0x233</size>
         <input_file_ref idref="fl-148"/>
      </object_component>
      <object_component id="oc-1b8">
         <name>.debug_info</name>
         <load_address>0x15c7b</load_address>
         <run_address>0x15c7b</run_address>
         <size>0x28a</size>
         <input_file_ref idref="fl-148"/>
      </object_component>
      <object_component id="oc-1b2">
         <name>.debug_info</name>
         <load_address>0x15f05</load_address>
         <run_address>0x15f05</run_address>
         <size>0x1f5</size>
         <input_file_ref idref="fl-148"/>
      </object_component>
      <object_component id="oc-1c4">
         <name>.debug_info</name>
         <load_address>0x160fa</load_address>
         <run_address>0x160fa</run_address>
         <size>0x25d</size>
         <input_file_ref idref="fl-148"/>
      </object_component>
      <object_component id="oc-1d4">
         <name>.debug_info</name>
         <load_address>0x16357</load_address>
         <run_address>0x16357</run_address>
         <size>0x237</size>
         <input_file_ref idref="fl-148"/>
      </object_component>
      <object_component id="oc-27d">
         <name>.debug_info</name>
         <load_address>0x1658e</load_address>
         <run_address>0x1658e</run_address>
         <size>0x90</size>
         <input_file_ref idref="fl-148"/>
      </object_component>
      <object_component id="oc-278">
         <name>.debug_info</name>
         <load_address>0x1661e</load_address>
         <run_address>0x1661e</run_address>
         <size>0x18b</size>
         <input_file_ref idref="fl-148"/>
      </object_component>
      <object_component id="oc-282">
         <name>.debug_info</name>
         <load_address>0x167a9</load_address>
         <run_address>0x167a9</run_address>
         <size>0x226</size>
         <input_file_ref idref="fl-149"/>
      </object_component>
      <object_component id="oc-26f">
         <name>.debug_info</name>
         <load_address>0x169cf</load_address>
         <run_address>0x169cf</run_address>
         <size>0xff</size>
         <input_file_ref idref="fl-149"/>
      </object_component>
      <object_component id="oc-272">
         <name>.debug_info</name>
         <load_address>0x16ace</load_address>
         <run_address>0x16ace</run_address>
         <size>0x10b</size>
         <input_file_ref idref="fl-149"/>
      </object_component>
      <object_component id="oc-2d4">
         <name>.debug_info</name>
         <load_address>0x16bd9</load_address>
         <run_address>0x16bd9</run_address>
         <size>0x105</size>
         <input_file_ref idref="fl-149"/>
      </object_component>
      <object_component id="oc-275">
         <name>.debug_info</name>
         <load_address>0x16cde</load_address>
         <run_address>0x16cde</run_address>
         <size>0x112</size>
         <input_file_ref idref="fl-149"/>
      </object_component>
      <object_component id="oc-1cf">
         <name>.debug_info</name>
         <load_address>0x16df0</load_address>
         <run_address>0x16df0</run_address>
         <size>0x1e7</size>
         <input_file_ref idref="fl-149"/>
      </object_component>
      <object_component id="oc-1a1">
         <name>.debug_info</name>
         <load_address>0x16fd7</load_address>
         <run_address>0x16fd7</run_address>
         <size>0x1e1</size>
         <input_file_ref idref="fl-149"/>
      </object_component>
      <object_component id="oc-264">
         <name>.debug_info</name>
         <load_address>0x171b8</load_address>
         <run_address>0x171b8</run_address>
         <size>0x264</size>
         <input_file_ref idref="fl-149"/>
      </object_component>
      <object_component id="oc-26a">
         <name>.debug_info</name>
         <load_address>0x1741c</load_address>
         <run_address>0x1741c</run_address>
         <size>0x21e</size>
         <input_file_ref idref="fl-149"/>
      </object_component>
      <object_component id="oc-19a">
         <name>.debug_info</name>
         <load_address>0x1763a</load_address>
         <run_address>0x1763a</run_address>
         <size>0x4c5</size>
         <input_file_ref idref="fl-149"/>
      </object_component>
      <object_component id="oc-2e0">
         <name>.debug_info</name>
         <load_address>0x17aff</load_address>
         <run_address>0x17aff</run_address>
         <size>0x5f</size>
         <input_file_ref idref="fl-149"/>
      </object_component>
      <object_component id="oc-288">
         <name>.debug_info</name>
         <load_address>0x17b5e</load_address>
         <run_address>0x17b5e</run_address>
         <size>0x1d7</size>
         <input_file_ref idref="fl-14b"/>
      </object_component>
      <object_component id="oc-285">
         <name>.debug_info</name>
         <load_address>0x17d35</load_address>
         <run_address>0x17d35</run_address>
         <size>0x10d</size>
         <input_file_ref idref="fl-14b"/>
      </object_component>
      <object_component id="oc-202">
         <name>.debug_info</name>
         <load_address>0x17e42</load_address>
         <run_address>0x17e42</run_address>
         <size>0x207</size>
         <input_file_ref idref="fl-14b"/>
      </object_component>
      <object_component id="oc-28a">
         <name>.debug_info</name>
         <load_address>0x18049</load_address>
         <run_address>0x18049</run_address>
         <size>0x217</size>
         <input_file_ref idref="fl-14b"/>
      </object_component>
      <object_component id="oc-1f6">
         <name>.debug_info</name>
         <load_address>0x18260</load_address>
         <run_address>0x18260</run_address>
         <size>0x312</size>
         <input_file_ref idref="fl-14b"/>
      </object_component>
      <object_component id="oc-1ab">
         <name>.debug_info</name>
         <load_address>0x18572</load_address>
         <run_address>0x18572</run_address>
         <size>0x1df</size>
         <input_file_ref idref="fl-14b"/>
      </object_component>
      <object_component id="oc-1f1">
         <name>.debug_info</name>
         <load_address>0x18751</load_address>
         <run_address>0x18751</run_address>
         <size>0x1eb</size>
         <input_file_ref idref="fl-14b"/>
      </object_component>
      <object_component id="oc-1fd">
         <name>.debug_info</name>
         <load_address>0x1893c</load_address>
         <run_address>0x1893c</run_address>
         <size>0x1df</size>
         <input_file_ref idref="fl-14b"/>
      </object_component>
      <object_component id="oc-1a6">
         <name>.debug_info</name>
         <load_address>0x18b1b</load_address>
         <run_address>0x18b1b</run_address>
         <size>0x1e4</size>
         <input_file_ref idref="fl-14b"/>
      </object_component>
      <object_component id="oc-2b0">
         <name>.debug_info</name>
         <load_address>0x18cff</load_address>
         <run_address>0x18cff</run_address>
         <size>0x1a8</size>
         <input_file_ref idref="fl-14d"/>
      </object_component>
      <object_component id="oc-212">
         <name>.debug_info</name>
         <load_address>0x18ea7</load_address>
         <run_address>0x18ea7</run_address>
         <size>0x297</size>
         <input_file_ref idref="fl-14d"/>
      </object_component>
      <object_component id="oc-218">
         <name>.debug_info</name>
         <load_address>0x1913e</load_address>
         <run_address>0x1913e</run_address>
         <size>0x204</size>
         <input_file_ref idref="fl-14d"/>
      </object_component>
      <object_component id="oc-22a">
         <name>.debug_info</name>
         <load_address>0x19342</load_address>
         <run_address>0x19342</run_address>
         <size>0x2fb</size>
         <input_file_ref idref="fl-14d"/>
      </object_component>
      <object_component id="oc-20c">
         <name>.debug_info</name>
         <load_address>0x1963d</load_address>
         <run_address>0x1963d</run_address>
         <size>0x28a</size>
         <input_file_ref idref="fl-14d"/>
      </object_component>
      <object_component id="oc-21e">
         <name>.debug_info</name>
         <load_address>0x198c7</load_address>
         <run_address>0x198c7</run_address>
         <size>0x208</size>
         <input_file_ref idref="fl-14d"/>
      </object_component>
      <object_component id="oc-224">
         <name>.debug_info</name>
         <load_address>0x19acf</load_address>
         <run_address>0x19acf</run_address>
         <size>0x245</size>
         <input_file_ref idref="fl-14d"/>
      </object_component>
      <object_component id="oc-230">
         <name>.debug_info</name>
         <load_address>0x19d14</load_address>
         <run_address>0x19d14</run_address>
         <size>0x1f8</size>
         <input_file_ref idref="fl-14d"/>
      </object_component>
      <object_component id="oc-319">
         <name>.debug_info</name>
         <load_address>0x19f0c</load_address>
         <run_address>0x19f0c</run_address>
         <size>0xc7</size>
      </object_component>
      <object_component id="oc-190">
         <name>.debug_line</name>
         <load_address>0x0</load_address>
         <run_address>0x0</run_address>
         <size>0x117</size>
         <input_file_ref idref="fl-2"/>
      </object_component>
      <object_component id="oc-c8">
         <name>.debug_line</name>
         <load_address>0x117</load_address>
         <run_address>0x117</run_address>
         <size>0x55</size>
         <input_file_ref idref="fl-2"/>
      </object_component>
      <object_component id="oc-fd">
         <name>.debug_line</name>
         <load_address>0x16c</load_address>
         <run_address>0x16c</run_address>
         <size>0x6c</size>
         <input_file_ref idref="fl-2"/>
      </object_component>
      <object_component id="oc-a6">
         <name>.debug_line</name>
         <load_address>0x1d8</load_address>
         <run_address>0x1d8</run_address>
         <size>0x20</size>
         <input_file_ref idref="fl-2"/>
      </object_component>
      <object_component id="oc-9a">
         <name>.debug_line</name>
         <load_address>0x1f8</load_address>
         <run_address>0x1f8</run_address>
         <size>0x70</size>
         <input_file_ref idref="fl-2"/>
      </object_component>
      <object_component id="oc-102">
         <name>.debug_line</name>
         <load_address>0x268</load_address>
         <run_address>0x268</run_address>
         <size>0x6d</size>
         <input_file_ref idref="fl-2"/>
      </object_component>
      <object_component id="oc-9f">
         <name>.debug_line</name>
         <load_address>0x2d5</load_address>
         <run_address>0x2d5</run_address>
         <size>0x7f</size>
         <input_file_ref idref="fl-2"/>
      </object_component>
      <object_component id="oc-1ed">
         <name>.debug_line</name>
         <load_address>0x354</load_address>
         <run_address>0x354</run_address>
         <size>0x6d</size>
         <input_file_ref idref="fl-2"/>
      </object_component>
      <object_component id="oc-110">
         <name>.debug_line</name>
         <load_address>0x3c1</load_address>
         <run_address>0x3c1</run_address>
         <size>0x6c</size>
         <input_file_ref idref="fl-2"/>
      </object_component>
      <object_component id="oc-a2">
         <name>.debug_line</name>
         <load_address>0x42d</load_address>
         <run_address>0x42d</run_address>
         <size>0x43</size>
         <input_file_ref idref="fl-3"/>
      </object_component>
      <object_component id="oc-83">
         <name>.debug_line</name>
         <load_address>0x470</load_address>
         <run_address>0x470</run_address>
         <size>0x43</size>
         <input_file_ref idref="fl-3"/>
      </object_component>
      <object_component id="oc-3f">
         <name>.debug_line</name>
         <load_address>0x4b3</load_address>
         <run_address>0x4b3</run_address>
         <size>0x43</size>
         <input_file_ref idref="fl-3"/>
      </object_component>
      <object_component id="oc-31">
         <name>.debug_line</name>
         <load_address>0x4f6</load_address>
         <run_address>0x4f6</run_address>
         <size>0xa3</size>
         <input_file_ref idref="fl-3"/>
      </object_component>
      <object_component id="oc-258">
         <name>.debug_line</name>
         <load_address>0x599</load_address>
         <run_address>0x599</run_address>
         <size>0x7b</size>
         <input_file_ref idref="fl-4"/>
      </object_component>
      <object_component id="oc-25f">
         <name>.debug_line</name>
         <load_address>0x614</load_address>
         <run_address>0x614</run_address>
         <size>0x2f</size>
         <input_file_ref idref="fl-4"/>
      </object_component>
      <object_component id="oc-261">
         <name>.debug_line</name>
         <load_address>0x643</load_address>
         <run_address>0x643</run_address>
         <size>0x2f</size>
         <input_file_ref idref="fl-4"/>
      </object_component>
      <object_component id="oc-256">
         <name>.debug_line</name>
         <load_address>0x672</load_address>
         <run_address>0x672</run_address>
         <size>0x2f</size>
         <input_file_ref idref="fl-4"/>
      </object_component>
      <object_component id="oc-f5">
         <name>.debug_line</name>
         <load_address>0x6a1</load_address>
         <run_address>0x6a1</run_address>
         <size>0xe2</size>
         <input_file_ref idref="fl-4"/>
      </object_component>
      <object_component id="oc-161">
         <name>.debug_line</name>
         <load_address>0x783</load_address>
         <run_address>0x783</run_address>
         <size>0x6d</size>
         <input_file_ref idref="fl-4"/>
      </object_component>
      <object_component id="oc-25c">
         <name>.debug_line</name>
         <load_address>0x7f0</load_address>
         <run_address>0x7f0</run_address>
         <size>0x2f</size>
         <input_file_ref idref="fl-4"/>
      </object_component>
      <object_component id="oc-2ac">
         <name>.debug_line</name>
         <load_address>0x81f</load_address>
         <run_address>0x81f</run_address>
         <size>0xce</size>
         <input_file_ref idref="fl-5"/>
      </object_component>
      <object_component id="oc-132">
         <name>.debug_line</name>
         <load_address>0x8ed</load_address>
         <run_address>0x8ed</run_address>
         <size>0x60</size>
         <input_file_ref idref="fl-5"/>
      </object_component>
      <object_component id="oc-2bc">
         <name>.debug_line</name>
         <load_address>0x94d</load_address>
         <run_address>0x94d</run_address>
         <size>0xce</size>
         <input_file_ref idref="fl-6"/>
      </object_component>
      <object_component id="oc-144">
         <name>.debug_line</name>
         <load_address>0xa1b</load_address>
         <run_address>0xa1b</run_address>
         <size>0x6d</size>
         <input_file_ref idref="fl-6"/>
      </object_component>
      <object_component id="oc-2f0">
         <name>.debug_line</name>
         <load_address>0xa88</load_address>
         <run_address>0xa88</run_address>
         <size>0x152</size>
         <input_file_ref idref="fl-7"/>
      </object_component>
      <object_component id="oc-2b8">
         <name>.debug_line</name>
         <load_address>0xbda</load_address>
         <run_address>0xbda</run_address>
         <size>0x3e</size>
         <input_file_ref idref="fl-7"/>
      </object_component>
      <object_component id="oc-23d">
         <name>.debug_line</name>
         <load_address>0xc18</load_address>
         <run_address>0xc18</run_address>
         <size>0x8f</size>
         <input_file_ref idref="fl-7"/>
      </object_component>
      <object_component id="oc-24e">
         <name>.debug_line</name>
         <load_address>0xca7</load_address>
         <run_address>0xca7</run_address>
         <size>0x6d</size>
         <input_file_ref idref="fl-7"/>
      </object_component>
      <object_component id="oc-2ae">
         <name>.debug_line</name>
         <load_address>0xd14</load_address>
         <run_address>0xd14</run_address>
         <size>0x6c</size>
         <input_file_ref idref="fl-8"/>
      </object_component>
      <object_component id="oc-138">
         <name>.debug_line</name>
         <load_address>0xd80</load_address>
         <run_address>0xd80</run_address>
         <size>0x56</size>
         <input_file_ref idref="fl-8"/>
      </object_component>
      <object_component id="oc-2ba">
         <name>.debug_line</name>
         <load_address>0xdd6</load_address>
         <run_address>0xdd6</run_address>
         <size>0x189</size>
         <input_file_ref idref="fl-9"/>
      </object_component>
      <object_component id="oc-13e">
         <name>.debug_line</name>
         <load_address>0xf5f</load_address>
         <run_address>0xf5f</run_address>
         <size>0x76</size>
         <input_file_ref idref="fl-9"/>
      </object_component>
      <object_component id="oc-1e7">
         <name>.debug_line</name>
         <load_address>0xfd5</load_address>
         <run_address>0xfd5</run_address>
         <size>0x20</size>
         <input_file_ref idref="fl-9"/>
      </object_component>
      <object_component id="oc-2be">
         <name>.debug_line</name>
         <load_address>0xff5</load_address>
         <run_address>0xff5</run_address>
         <size>0x167</size>
         <input_file_ref idref="fl-b"/>
      </object_component>
      <object_component id="oc-2c2">
         <name>.debug_line</name>
         <load_address>0x115c</load_address>
         <run_address>0x115c</run_address>
         <size>0x74</size>
         <input_file_ref idref="fl-b"/>
      </object_component>
      <object_component id="oc-166">
         <name>.debug_line</name>
         <load_address>0x11d0</load_address>
         <run_address>0x11d0</run_address>
         <size>0x6e</size>
         <input_file_ref idref="fl-b"/>
      </object_component>
      <object_component id="oc-2c7">
         <name>.debug_line</name>
         <load_address>0x123e</load_address>
         <run_address>0x123e</run_address>
         <size>0x6c</size>
         <input_file_ref idref="fl-b"/>
      </object_component>
      <object_component id="oc-246">
         <name>.debug_line</name>
         <load_address>0x12aa</load_address>
         <run_address>0x12aa</run_address>
         <size>0x20</size>
         <input_file_ref idref="fl-c"/>
      </object_component>
      <object_component id="oc-e1">
         <name>.debug_line</name>
         <load_address>0x12ca</load_address>
         <run_address>0x12ca</run_address>
         <size>0x11c</size>
         <input_file_ref idref="fl-c"/>
      </object_component>
      <object_component id="oc-2cd">
         <name>.debug_line</name>
         <load_address>0x13e6</load_address>
         <run_address>0x13e6</run_address>
         <size>0x1b4</size>
         <input_file_ref idref="fl-d"/>
      </object_component>
      <object_component id="oc-2ca">
         <name>.debug_line</name>
         <load_address>0x159a</load_address>
         <run_address>0x159a</run_address>
         <size>0x65</size>
         <input_file_ref idref="fl-d"/>
      </object_component>
      <object_component id="oc-170">
         <name>.debug_line</name>
         <load_address>0x15ff</load_address>
         <run_address>0x15ff</run_address>
         <size>0x77b</size>
         <input_file_ref idref="fl-d"/>
      </object_component>
      <object_component id="oc-2d1">
         <name>.debug_line</name>
         <load_address>0x1d7a</load_address>
         <run_address>0x1d7a</run_address>
         <size>0x65</size>
         <input_file_ref idref="fl-d"/>
      </object_component>
      <object_component id="oc-15d">
         <name>.debug_line</name>
         <load_address>0x1ddf</load_address>
         <run_address>0x1ddf</run_address>
         <size>0x1fb</size>
         <input_file_ref idref="fl-e"/>
      </object_component>
      <object_component id="oc-d8">
         <name>.debug_line</name>
         <load_address>0x1fda</load_address>
         <run_address>0x1fda</run_address>
         <size>0x65</size>
         <input_file_ref idref="fl-e"/>
      </object_component>
      <object_component id="oc-16b">
         <name>.debug_line</name>
         <load_address>0x203f</load_address>
         <run_address>0x203f</run_address>
         <size>0x65</size>
         <input_file_ref idref="fl-e"/>
      </object_component>
      <object_component id="oc-8f">
         <name>.debug_line</name>
         <load_address>0x20a4</load_address>
         <run_address>0x20a4</run_address>
         <size>0xc6a</size>
         <input_file_ref idref="fl-e"/>
      </object_component>
      <object_component id="oc-107">
         <name>.debug_line</name>
         <load_address>0x2d0e</load_address>
         <run_address>0x2d0e</run_address>
         <size>0x65</size>
         <input_file_ref idref="fl-e"/>
      </object_component>
      <object_component id="oc-254">
         <name>.debug_line</name>
         <load_address>0x2d73</load_address>
         <run_address>0x2d73</run_address>
         <size>0x1fa</size>
         <input_file_ref idref="fl-f"/>
      </object_component>
      <object_component id="oc-252">
         <name>.debug_line</name>
         <load_address>0x2f6d</load_address>
         <run_address>0x2f6d</run_address>
         <size>0x66</size>
         <input_file_ref idref="fl-f"/>
      </object_component>
      <object_component id="oc-eb">
         <name>.debug_line</name>
         <load_address>0x2fd3</load_address>
         <run_address>0x2fd3</run_address>
[...]
         <name>xTaskPriorityDisinherit</name>
         <value>0x144f</value>
         <object_component_ref idref="oc-8b"/>
      </symbol>
      <symbol id="sm-3c6">
         <name>vTaskStartScheduler</name>
         <value>0x85d</value>
         <object_component_ref idref="oc-8b"/>
      </symbol>
      <symbol id="sm-3c7">
         <name>xTaskNotifyStateClear</name>
         <value>0x197f</value>
         <object_component_ref idref="oc-8b"/>
      </symbol>
      <symbol id="sm-3c8">
         <name>pvTaskIncrementMutexHeldCount</name>
         <value>0x150f</value>
         <object_component_ref idref="oc-8b"/>
      </symbol>
      <symbol id="sm-3c9">
         <name>xTaskGenericNotify</name>
         <value>0x16df</value>
         <object_component_ref idref="oc-8b"/>
      </symbol>
      <symbol id="sm-3ca">
         <name>vTaskDelayUntil</name>
         <value>0x3b7</value>
         <object_component_ref idref="oc-8b"/>
      </symbol>
      <symbol id="sm-3cb">
         <name>uxTaskGetTaskNumber</name>
         <value>0xf37</value>
         <object_component_ref idref="oc-8b"/>
      </symbol>
      <symbol id="sm-3cc">
         <name>vTaskEndScheduler</name>
         <value>0x8c1</value>
         <object_component_ref idref="oc-8b"/>
      </symbol>
      <symbol id="sm-3cd">
         <name>xTaskNotifyWait</name>
         <value>0x15f5</value>
         <object_component_ref idref="oc-8b"/>
      </symbol>
      <symbol id="sm-3ce">
         <name>vTaskMissedYield</name>
         <value>0xf2f</value>
         <object_component_ref idref="oc-8b"/>
      </symbol>
      <symbol id="sm-3cf">
         <name>uxTaskGetNumberOfTasks</name>
         <value>0x9f5</value>
         <object_component_ref idref="oc-8b"/>
      </symbol>
      <symbol id="sm-3d0">
         <name>xTaskGenericNotifyFromISR</name>
         <value>0x17d1</value>
         <object_component_ref idref="oc-8b"/>
      </symbol>
      <symbol id="sm-3d1">
         <name>uxTaskPriorityGet</name>
         <value>0x4bb</value>
         <object_component_ref idref="oc-8b"/>
      </symbol>
      <symbol id="sm-3d2">
         <name>xTaskResumeAll</name>
         <value>0x8f5</value>
         <object_component_ref idref="oc-8b"/>
      </symbol>
      <symbol id="sm-3d3">
         <name>xTaskGetTickCount</name>
         <value>0x9d1</value>
         <object_component_ref idref="oc-8b"/>
      </symbol>
      <symbol id="sm-3d4">
         <name>xTaskGenericCreate</name>
         <value>0x201</value>
         <object_component_ref idref="oc-8b"/>
      </symbol>
      <symbol id="sm-3d5">
         <name>uxTaskGetSystemState</name>
         <value>0xa05</value>
         <object_component_ref idref="oc-8b"/>
      </symbol>
      <symbol id="sm-3d6">
         <name>vTaskDelete</name>
         <value>0x31b</value>
         <object_component_ref idref="oc-8b"/>
      </symbol>
      <symbol id="sm-3d7">
         <name>pxCurrentTCB</name>
         <value>0x2000cda0</value>
         <object_component_ref idref="oc-85"/>
      </symbol>
      <symbol id="sm-3d8">
         <name>vTaskNotifyGiveFromISR</name>
         <value>0x18d9</value>
         <object_component_ref idref="oc-8b"/>
      </symbol>
      <symbol id="sm-3d9">
         <name>vTaskSuspend</name>
         <value>0x655</value>
         <object_component_ref idref="oc-8b"/>
      </symbol>
      <symbol id="sm-3da">
         <name>xTaskGetTickCountFromISR</name>
         <value>0x9e1</value>
         <object_component_ref idref="oc-8b"/>
      </symbol>
      <symbol id="sm-3db">
         <name>vTaskResume</name>
         <value>0x749</value>
         <object_component_ref idref="oc-8b"/>
      </symbol>
      <symbol id="sm-3dc">
         <name>vTaskPlaceOnEventListRestricted</name>
         <value>0xd3d</value>
         <object_component_ref idref="oc-8b"/>
      </symbol>
      <symbol id="sm-3dd">
         <name>vTaskSetTimeOutState</name>
         <value>0xe8f</value>
         <object_component_ref idref="oc-8b"/>
      </symbol>
      <symbol id="sm-3de">
         <name>xTaskIncrementTick</name>
         <value>0xad5</value>
         <object_component_ref idref="oc-8b"/>
      </symbol>
      <symbol id="sm-3df">
         <name>vTaskSwitchContext</name>
         <value>0xbf9</value>
         <object_component_ref idref="oc-8b"/>
      </symbol>
      <symbol id="sm-3e0">
         <name>uxTaskResetEventItemValue</name>
         <value>0x14ed</value>
         <object_component_ref idref="oc-8b"/>
      </symbol>
      <symbol id="sm-3e1">
         <name>xTaskGetSchedulerState</name>
         <value>0x1361</value>
         <object_component_ref idref="oc-8b"/>
      </symbol>
      <symbol id="sm-3e2">
         <name>xTaskResumeFromISR</name>
         <value>0x7cb</value>
         <object_component_ref idref="oc-8b"/>
      </symbol>
      <symbol id="sm-3e3">
         <name>xTaskGetCurrentTaskHandle</name>
         <value>0x1349</value>
         <object_component_ref idref="oc-8b"/>
      </symbol>
      <symbol id="sm-3e4">
         <name>vTaskPlaceOnUnorderedEventList</name>
         <value>0xcc5</value>
         <object_component_ref idref="oc-8b"/>
      </symbol>
      <symbol id="sm-3e5">
         <name>xTaskRemoveFromEventList</name>
         <value>0xda1</value>
         <object_component_ref idref="oc-8b"/>
      </symbol>
      <symbol id="sm-45b">
         <name>xTimerCreateTimerTask</name>
         <value>0x23d9</value>
         <object_component_ref idref="oc-e7"/>
      </symbol>
      <symbol id="sm-45c">
         <name>pcTimerGetTimerName</name>
         <value>0x24d5</value>
         <object_component_ref idref="oc-e7"/>
      </symbol>
      <symbol id="sm-45d">
         <name>xTimerIsTimerActive</name>
         <value>0x2895</value>
         <object_component_ref idref="oc-e7"/>
      </symbol>
      <symbol id="sm-45e">
         <name>xTimerCreate</name>
         <value>0x2413</value>
         <object_component_ref idref="oc-e7"/>
      </symbol>
      <symbol id="sm-45f">
         <name>xTimerGenericCommand</name>
         <value>0x2467</value>
         <object_component_ref idref="oc-e7"/>
      </symbol>
      <symbol id="sm-460">
         <name>pvTimerGetTimerID</name>
         <value>0x28c1</value>
         <object_component_ref idref="oc-e7"/>
      </symbol>
      <symbol id="sm-461">
         <name>vTimerSetTimerID</name>
         <value>0x28db</value>
         <object_component_ref idref="oc-e7"/>
      </symbol>
      <symbol id="sm-492">
         <name>ulMaxSyscallInterruptPriority</name>
         <value>0x4200</value>
         <object_component_ref idref="oc-88"/>
      </symbol>
      <symbol id="sm-493">
         <name>vPortSetupTimerInterrupt</name>
         <value>0x3263</value>
         <object_component_ref idref="oc-38"/>
      </symbol>
      <symbol id="sm-494">
         <name>vPortEndScheduler</name>
         <value>0x31fd</value>
         <object_component_ref idref="oc-38"/>
      </symbol>
      <symbol id="sm-495">
         <name>xPortSysTickCount</name>
         <value>0x2000cdec</value>
         <object_component_ref idref="oc-92"/>
      </symbol>
      <symbol id="sm-496">
         <name>xPortSysTickHandler</name>
         <value>0x3235</value>
         <object_component_ref idref="oc-38"/>
      </symbol>
      <symbol id="sm-497">
         <name>pxPortInitialiseStack</name>
         <value>0x3161</value>
         <object_component_ref idref="oc-38"/>
      </symbol>
      <symbol id="sm-498">
         <name>vPortExitCritical</name>
         <value>0x321f</value>
         <object_component_ref idref="oc-38"/>
      </symbol>
      <symbol id="sm-499">
         <name>xPortStartScheduler</name>
         <value>0x31c7</value>
         <object_component_ref idref="oc-38"/>
      </symbol>
      <symbol id="sm-49a">
         <name>vPortEnterCritical</name>
         <value>0x31ff</value>
         <object_component_ref idref="oc-38"/>
      </symbol>
      <symbol id="sm-4a9">
         <name>vPortStartFirstTask</name>
         <value>0x367d</value>
         <object_component_ref idref="oc-33"/>
      </symbol>
      <symbol id="sm-4aa">
         <name>ulPortGetIPSR</name>
         <value>0x35e5</value>
         <object_component_ref idref="oc-33"/>
      </symbol>
      <symbol id="sm-4ab">
         <name>vPortEnableVFP</name>
         <value>0x3699</value>
         <object_component_ref idref="oc-33"/>
      </symbol>
      <symbol id="sm-4ac">
         <name>xPortPendSVHandler</name>
         <value>0x35fd</value>
         <object_component_ref idref="oc-33"/>
      </symbol>
      <symbol id="sm-4ad">
         <name>vPortSVCHandler</name>
         <value>0x365d</value>
         <object_component_ref idref="oc-33"/>
      </symbol>
      <symbol id="sm-4cd">
         <name>g_ulSystemClock</name>
         <value>0x2000cdd0</value>
         <object_component_ref idref="oc-1c8"/>
      </symbol>
      <symbol id="sm-4ce">
         <name>UART_Initialization</name>
         <value>0x36cd</value>
         <object_component_ref idref="oc-122"/>
      </symbol>
      <symbol id="sm-4cf">
         <name>UARTStdioInitFlag</name>
         <value>0x2000cdd8</value>
         <object_component_ref idref="oc-1c8"/>
      </symbol>
      <symbol id="sm-4d0">
         <name>ProcessorInitFlag</name>
         <value>0x2000cdd4</value>
         <object_component_ref idref="oc-1c8"/>
      </symbol>
      <symbol id="sm-4d1">
         <name>FPUInitFlag</name>
         <value>0x2000cddc</value>
         <object_component_ref idref="oc-1c8"/>
      </symbol>
      <symbol id="sm-4d2">
         <name>Processor_Initialization</name>
         <value>0x36a9</value>
         <object_component_ref idref="oc-122"/>
      </symbol>
      <symbol id="sm-537">
         <name>UARTgetc</name>
         <value>0x2a57</value>
         <object_component_ref idref="oc-128"/>
      </symbol>
      <symbol id="sm-538">
         <name>UARTgets</name>
         <value>0x299d</value>
         <object_component_ref idref="oc-128"/>
      </symbol>
      <symbol id="sm-539">
         <name>UARTStdioConfig</name>
         <value>0x2911</value>
         <object_component_ref idref="oc-128"/>
      </symbol>
      <symbol id="sm-53a">
         <name>UARTwrite</name>
         <value>0x2957</value>
         <object_component_ref idref="oc-128"/>
      </symbol>
      <symbol id="sm-53b">
         <name>UARTprintf</name>
         <value>0x2d77</value>
         <object_component_ref idref="oc-128"/>
      </symbol>
      <symbol id="sm-53c">
         <name>UARTvprintf</name>
         <value>0x2a7d</value>
         <object_component_ref idref="oc-128"/>
      </symbol>
      <symbol id="sm-54e">
         <name>_c_int00</name>
         <value>0x3ae9</value>
         <object_component_ref idref="oc-24"/>
      </symbol>
      <symbol id="sm-54f">
         <name>__stack</name>
         <value>0x2000c5a0</value>
         <object_component_ref idref="oc-29"/>
      </symbol>
      <symbol id="sm-566">
         <name>__TI_decompress_none</name>
         <value>0x3f1b</value>
         <object_component_ref idref="oc-12"/>
      </symbol>
      <symbol id="sm-58e">
         <name>__TI_decompress_rle24</name>
         <value>0x3f71</value>
         <object_component_ref idref="oc-18"/>
      </symbol>
      <symbol id="sm-5a0">
         <name>__TI_zero_init</name>
         <value>0x3f35</value>
         <object_component_ref idref="oc-1e"/>
      </symbol>
      <symbol id="sm-5bf">
         <name>C$$EXIT</name>
         <value>0x3c61</value>
         <object_component_ref idref="oc-78"/>
      </symbol>
      <symbol id="sm-5c0">
         <name>abort</name>
         <value>0x3c65</value>
         <object_component_ref idref="oc-78"/>
      </symbol>
      <symbol id="sm-5c1">
         <name>exit</name>
         <value>0x3c6d</value>
         <object_component_ref idref="oc-78"/>
      </symbol>
      <symbol id="sm-5c2">
         <name>__TI_dtors_ptr</name>
         <value>0x2000cdfc</value>
         <object_component_ref idref="oc-cf"/>
      </symbol>
      <symbol id="sm-5c3">
         <name>__TI_cleanup_ptr</name>
         <value>0x2000cdf8</value>
         <object_component_ref idref="oc-cf"/>
      </symbol>
      <symbol id="sm-5de">
         <name>memcpy</name>
         <value>0x3765</value>
         <object_component_ref idref="oc-41"/>
      </symbol>
      <symbol id="sm-5df">
         <name>__aeabi_memcpy</name>
         <value>0x3765</value>
         <object_component_ref idref="oc-41"/>
      </symbol>
      <symbol id="sm-5e0">
         <name>__aeabi_memcpy8</name>
         <value>0x3765</value>
         <object_component_ref idref="oc-41"/>
      </symbol>
      <symbol id="sm-5e1">
         <name>__aeabi_memcpy4</name>
         <value>0x3765</value>
         <object_component_ref idref="oc-41"/>
      </symbol>
      <symbol id="sm-5f0">
         <name>__aeabi_memset</name>
         <value>0x3997</value>
         <object_component_ref idref="oc-5a"/>
      </symbol>
      <symbol id="sm-5f1">
         <name>memset</name>
         <value>0x399d</value>
         <object_component_ref idref="oc-5a"/>
      </symbol>
      <symbol id="sm-5f2">
         <name>__aeabi_memset8</name>
         <value>0x3997</value>
         <object_component_ref idref="oc-5a"/>
      </symbol>
      <symbol id="sm-5f3">
         <name>__aeabi_memset4</name>
         <value>0x3997</value>
         <object_component_ref idref="oc-5a"/>
      </symbol>
      <symbol id="sm-5f4">
         <name>__aeabi_memclr8</name>
         <value>0x3995</value>
         <object_component_ref idref="oc-5a"/>
      </symbol>
      <symbol id="sm-5f5">
         <name>__aeabi_memclr4</name>
         <value>0x3995</value>
         <object_component_ref idref="oc-5a"/>
      </symbol>
      <symbol id="sm-5f6">
         <name>__aeabi_memclr</name>
         <value>0x3995</value>
         <object_component_ref idref="oc-5a"/>
      </symbol>
      <symbol id="sm-600">
         <name>_system_pre_init</name>
         <value>0x3f77</value>
         <object_component_ref idref="oc-66"/>
      </symbol>
      <symbol id="sm-608">
         <name>main_func_sp</name>
         <value>0x2000ce14</value>
         <object_component_ref idref="oc-7e"/>
      </symbol>
      <symbol id="sm-61b">
         <name>__aeabi_uidivmod</name>
         <value>0x3ca5</value>
         <object_component_ref idref="oc-1de"/>
      </symbol>
      <symbol id="sm-61c">
         <name>__aeabi_uidiv</name>
         <value>0x3ca5</value>
         <object_component_ref idref="oc-1de"/>
      </symbol>
      <symbol id="sm-635">
         <name>_nop</name>
         <value>0x3ee7</value>
         <object_component_ref idref="oc-14e"/>
      </symbol>
      <symbol id="sm-636">
         <name>_lock</name>
         <value>0x2000cdf0</value>
         <object_component_ref idref="oc-cc"/>
      </symbol>
      <symbol id="sm-637">
         <name>_unlock</name>
         <value>0x2000cdf4</value>
         <object_component_ref idref="oc-cc"/>
      </symbol>
      <symbol id="sm-638">
         <name>_register_lock</name>
         <value>0x3edf</value>
         <object_component_ref idref="oc-14e"/>
      </symbol>
      <symbol id="sm-639">
         <name>_register_unlock</name>
         <value>0x3ed9</value>
         <object_component_ref idref="oc-14e"/>
      </symbol>
      <symbol id="sm-64e">
         <name>_args_main</name>
         <value>0x3e95</value>
         <object_component_ref idref="oc-72"/>
      </symbol>
      <symbol id="sm-674">
         <name>__TI_auto_init</name>
         <value>0x3a11</value>
         <object_component_ref idref="oc-6c"/>
      </symbol>
      <symbol id="sm-68e">
         <name>copy_in</name>
         <value>0x3b85</value>
         <object_component_ref idref="oc-bc"/>
      </symbol>
      <symbol id="sm-6d9">
         <name>UARTConfigSetExpClk</name>
         <value>0x3ce7</value>
         <object_component_ref idref="oc-1b6"/>
      </symbol>
      <symbol id="sm-6da">
         <name>UARTDisable</name>
         <value>0x3e45</value>
         <object_component_ref idref="oc-292"/>
      </symbol>
      <symbol id="sm-6db">
         <name>UARTClockSourceSet</name>
         <value>0x3f6b</value>
         <object_component_ref idref="oc-1b0"/>
      </symbol>
      <symbol id="sm-6dc">
         <name>UARTCharPut</name>
         <value>0x3f55</value>
         <object_component_ref idref="oc-1c2"/>
      </symbol>
      <symbol id="sm-6dd">
         <name>UARTEnable</name>
         <value>0x3ec3</value>
         <object_component_ref idref="oc-1bc"/>
      </symbol>
      <symbol id="sm-6de">
         <name>UARTCharGet</name>
         <value>0x3f4b</value>
         <object_component_ref idref="oc-1d2"/>
      </symbol>
      <symbol id="sm-75e">
         <name>SysCtlPeripheralPresent</name>
         <value>0x3d99</value>
         <object_component_ref idref="oc-1cc"/>
      </symbol>
      <symbol id="sm-75f">
         <name>SysCtlPeripheralEnable</name>
         <value>0x3d65</value>
         <object_component_ref idref="oc-19e"/>
      </symbol>
      <symbol id="sm-760">
         <name>SysCtlClockFreqSet</name>
         <value>0x2dad</value>
         <object_component_ref idref="oc-198"/>
      </symbol>
      <symbol id="sm-7b1">
         <name>GPIOPinConfigure</name>
         <value>0x3bd1</value>
         <object_component_ref idref="oc-1a4"/>
      </symbol>
      <symbol id="sm-7b2">
         <name>GPIOPinTypeUART</name>
         <value>0x3eed</value>
         <object_component_ref idref="oc-1aa"/>
      </symbol>
      <symbol id="sm-7b3">
         <name>GPIOPinTypeGPIOOutput</name>
         <value>0x3e7d</value>
         <object_component_ref idref="oc-1ef"/>
      </symbol>
      <symbol id="sm-7b4">
         <name>GPIOPinRead</name>
         <value>0x3f5f</value>
         <object_component_ref idref="oc-1fb"/>
      </symbol>
      <symbol id="sm-7b5">
         <name>GPIODirModeSet</name>
         <value>0x3dfb</value>
         <object_component_ref idref="oc-289"/>
      </symbol>
      <symbol id="sm-7b6">
         <name>GPIOPinWrite</name>
         <value>0x3f65</value>
         <object_component_ref idref="oc-201"/>
      </symbol>
      <symbol id="sm-7b7">
         <name>GPIOPadConfigSet</name>
         <value>0x3295</value>
         <object_component_ref idref="oc-1f5"/>
      </symbol>
      <symbol id="sm-802">
         <name>ADCProcessorTrigger</name>
         <value>0x3ead</value>
         <object_component_ref idref="oc-21d"/>
      </symbol>
      <symbol id="sm-803">
         <name>ADCSequenceEnable</name>
         <value>0x3eff</value>
         <object_component_ref idref="oc-217"/>
      </symbol>
      <symbol id="sm-804">
         <name>ADCSequenceConfigure</name>
         <value>0x3d27</value>
         <object_component_ref idref="oc-20b"/>
      </symbol>
      <symbol id="sm-805">
         <name>ADCSequenceStepConfigure</name>
         <value>0x3915</value>
         <object_component_ref idref="oc-211"/>
      </symbol>
      <symbol id="sm-806">
         <name>ADCIntClear</name>
         <value>0x3f41</value>
         <object_component_ref idref="oc-22f"/>
      </symbol>
      <symbol id="sm-807">
         <name>ADCIntStatus</name>
         <value>0x3dcd</value>
         <object_component_ref idref="oc-223"/>
      </symbol>
      <symbol id="sm-808">
         <name>ADCSequenceDataGet</name>
         <value>0x3e25</value>
         <object_component_ref idref="oc-229"/>
      </symbol>
      <symbol id="sm-809">
         <name>__TI_static_base__</name>
         <value>0x0</value>
      </symbol>
      <symbol id="sm-80c">
         <name>SHT$$INIT_ARRAY$$Limit</name>
         <value>0x0</value>
      </symbol>
      <symbol id="sm-80d">
         <name>SHT$$INIT_ARRAY$$Base</name>
         <value>0x0</value>
      </symbol>
   </symbol_table>
   <title>Link successful</title>
</link_info>
